// Jest Snapshot v1, https://goo.gl/fbAQLP

exports[`HomeScreen HomeScreen should render correctly 1`] = `
<View
  style={
    {
      "alignItems": "center",
      "flex": 1,
      "justifyContent": "center",
    }
  }
>
  <Text
    style={
      {
        "color": "rgb(28, 28, 30)",
      }
    }
  >
    Home Screen
  </Text>
</View>
`;
