// Jest Snapshot v1, https://goo.gl/fbAQLP

exports[`SignUpScreen SignUpScreen should render correctly 1`] = `
<RCTScrollView
  contentContainerStyle={
    {
      "alignItems": "center",
      "backgroundColor": "#4FD3DA",
      "flexGrow": 1,
      "justifyContent": "center",
    }
  }
>
  <View>
    <Text
      style={
        {
          "color": "#FFC857",
          "fontSize": 107.14285714285714,
          "fontWeight": "bold",
          "marginBottom": 78.47058823529412,
        }
      }
    >
      SignUp
    </Text>
    <View
      style={
        {
          "backgroundColor": "#3AB4BA",
          "borderRadius": 39.285714285714285,
          "height": 107.14285714285714,
          "justifyContent": "center",
          "marginBottom": 39.23529411764706,
          "padding": 42.857142857142854,
          "width": "80%",
        }
      }
    >
      <View>
        <TextInput
          onBlur={[Function]}
          onChangeText={[Function]}
          placeholder="Username"
          placeholderTextColor="#003f5c"
          style={
            {
              "color": "#FFFFFF",
              "height": 107.14285714285714,
            }
          }
        />
      </View>
    </View>
    <View
      style={
        {
          "backgroundColor": "#3AB4BA",
          "borderRadius": 39.285714285714285,
          "height": 107.14285714285714,
          "justifyContent": "center",
          "marginBottom": 39.23529411764706,
          "padding": 42.857142857142854,
          "width": "80%",
        }
      }
    >
      <View>
        <TextInput
          onBlur={[Function]}
          onChangeText={[Function]}
          placeholder="Email"
          placeholderTextColor="#003f5c"
          style={
            {
              "color": "#FFFFFF",
              "height": 107.14285714285714,
            }
          }
        />
      </View>
    </View>
    <View
      style={
        {
          "backgroundColor": "#3AB4BA",
          "borderRadius": 39.285714285714285,
          "height": 107.14285714285714,
          "justifyContent": "center",
          "marginBottom": 39.23529411764706,
          "padding": 42.857142857142854,
          "width": "80%",
        }
      }
    >
      <View>
        <TextInput
          onBlur={[Function]}
          onChangeText={[Function]}
          placeholder="Password"
          placeholderTextColor="#003f5c"
          style={
            {
              "color": "#FFFFFF",
              "height": 107.14285714285714,
            }
          }
        />
      </View>
    </View>
    <View
      style={
        {
          "backgroundColor": "#3AB4BA",
          "borderRadius": 39.285714285714285,
          "height": 107.14285714285714,
          "justifyContent": "center",
          "marginBottom": 39.23529411764706,
          "padding": 42.857142857142854,
          "width": "80%",
        }
      }
    >
      <View>
        <TextInput
          onBlur={[Function]}
          onChangeText={[Function]}
          placeholder="Confirm Password"
          placeholderTextColor="#003f5c"
          style={
            {
              "color": "#FFFFFF",
              "height": 107.14285714285714,
            }
          }
        />
      </View>
    </View>
    <View
      accessibilityLabel="Forgot password link"
      accessibilityRole="link"
      accessibilityState={
        {
          "busy": undefined,
          "checked": undefined,
          "disabled": undefined,
          "expanded": undefined,
          "selected": undefined,
        }
      }
      accessibilityValue={
        {
          "max": undefined,
          "min": undefined,
          "now": undefined,
          "text": undefined,
        }
      }
      accessible={true}
      collapsable={false}
      focusable={true}
      onClick={[Function]}
      onResponderGrant={[Function]}
      onResponderMove={[Function]}
      onResponderRelease={[Function]}
      onResponderTerminate={[Function]}
      onResponderTerminationRequest={[Function]}
      onStartShouldSetResponder={[Function]}
      style={
        {
          "opacity": 1,
        }
      }
    >
      <Text
        style={
          {
            "color": "#FFFFFF",
            "fontSize": 23.57142857142857,
          }
        }
      >
        Forgot Password?
      </Text>
    </View>
    <View
      accessibilityLabel="Submit button"
      accessibilityRole="button"
      accessibilityState={
        {
          "busy": undefined,
          "checked": undefined,
          "disabled": true,
          "expanded": undefined,
          "selected": undefined,
        }
      }
      accessibilityValue={
        {
          "max": undefined,
          "min": undefined,
          "now": undefined,
          "text": undefined,
        }
      }
      accessible={true}
      collapsable={false}
      focusable={true}
      onClick={[Function]}
      onResponderGrant={[Function]}
      onResponderMove={[Function]}
      onResponderRelease={[Function]}
      onResponderTerminate={[Function]}
      onResponderTerminationRequest={[Function]}
      onStartShouldSetResponder={[Function]}
      style={
        {
          "alignItems": "center",
          "backgroundColor": "#FFC857",
          "borderRadius": 39.285714285714285,
          "height": 107.14285714285714,
          "justifyContent": "center",
          "marginBottom": 19.61764705882353,
          "marginTop": 78.47058823529412,
          "opacity": 1,
          "width": "80%",
        }
      }
    >
      <Text>
        Submit
      </Text>
    </View>
  </View>
</RCTScrollView>
`;
