// Jest Snapshot v1, https://goo.gl/fbAQLP

exports[`SignInScreen matches snapshot 1`] = `
<View
  style={
    {
      "alignItems": "center",
      "backgroundColor": "#4FD3DA",
      "flex": 1,
      "justifyContent": "center",
    }
  }
>
  <Text
    style={
      {
        "color": "#FFC857",
        "fontSize": 107.14285714285714,
        "fontWeight": "bold",
        "marginBottom": 78.47058823529412,
      }
    }
  >
    Login
  </Text>
  <View
    style={
      {
        "backgroundColor": "#3AB4BA",
        "borderRadius": 39.285714285714285,
        "height": 107.14285714285714,
        "justifyContent": "center",
        "marginBottom": 39.23529411764706,
        "padding": 42.857142857142854,
        "width": "80%",
      }
    }
  >
    <View>
      <TextInput
        onChangeText={[Function]}
        placeholder="Email"
        placeholderTextColor="#003f5c"
        style={
          {
            "color": "#FFFFFF",
            "height": 107.14285714285714,
          }
        }
      />
    </View>
  </View>
  <View
    style={
      {
        "backgroundColor": "#3AB4BA",
        "borderRadius": 39.285714285714285,
        "height": 107.14285714285714,
        "justifyContent": "center",
        "marginBottom": 39.23529411764706,
        "padding": 42.857142857142854,
        "width": "80%",
      }
    }
  >
    <View>
      <TextInput
        onChangeText={[Function]}
        placeholder="Password"
        placeholderTextColor="#003f5c"
        style={
          {
            "color": "#FFFFFF",
            "height": 107.14285714285714,
          }
        }
      />
    </View>
  </View>
  <View
    accessibilityLabel="Forgot password link"
    accessibilityRole="link"
    accessibilityState={
      {
        "busy": undefined,
        "checked": undefined,
        "disabled": undefined,
        "expanded": undefined,
        "selected": undefined,
      }
    }
    accessibilityValue={
      {
        "max": undefined,
        "min": undefined,
        "now": undefined,
        "text": undefined,
      }
    }
    accessible={true}
    collapsable={false}
    focusable={true}
    onClick={[Function]}
    onResponderGrant={[Function]}
    onResponderMove={[Function]}
    onResponderRelease={[Function]}
    onResponderTerminate={[Function]}
    onResponderTerminationRequest={[Function]}
    onStartShouldSetResponder={[Function]}
    style={
      {
        "opacity": 1,
      }
    }
  >
    <Text
      style={
        {
          "color": "#FFFFFF",
          "fontSize": 23.57142857142857,
        }
      }
    >
      Forgot Password?
    </Text>
  </View>
  <View
    accessibilityLabel="Login button"
    accessibilityRole="button"
    accessibilityState={
      {
        "busy": undefined,
        "checked": undefined,
        "disabled": undefined,
        "expanded": undefined,
        "selected": undefined,
      }
    }
    accessibilityValue={
      {
        "max": undefined,
        "min": undefined,
        "now": undefined,
        "text": undefined,
      }
    }
    accessible={true}
    collapsable={false}
    focusable={true}
    onClick={[Function]}
    onResponderGrant={[Function]}
    onResponderMove={[Function]}
    onResponderRelease={[Function]}
    onResponderTerminate={[Function]}
    onResponderTerminationRequest={[Function]}
    onStartShouldSetResponder={[Function]}
    style={
      {
        "alignItems": "center",
        "backgroundColor": "#FFC857",
        "borderRadius": 39.285714285714285,
        "height": 107.14285714285714,
        "justifyContent": "center",
        "marginBottom": 19.61764705882353,
        "marginTop": 78.47058823529412,
        "opacity": 1,
        "width": "80%",
      }
    }
  >
    <Text>
      LOGIN
    </Text>
  </View>
  <View
    accessibilityLabel="Signup link"
    accessibilityRole="link"
    accessibilityState={
      {
        "busy": undefined,
        "checked": undefined,
        "disabled": undefined,
        "expanded": undefined,
        "selected": undefined,
      }
    }
    accessibilityValue={
      {
        "max": undefined,
        "min": undefined,
        "now": undefined,
        "text": undefined,
      }
    }
    accessible={true}
    collapsable={false}
    focusable={true}
    onClick={[Function]}
    onResponderGrant={[Function]}
    onResponderMove={[Function]}
    onResponderRelease={[Function]}
    onResponderTerminate={[Function]}
    onResponderTerminationRequest={[Function]}
    onStartShouldSetResponder={[Function]}
    style={
      {
        "opacity": 1,
      }
    }
  >
    <Text
      style={
        {
          "color": "#FFFFFF",
          "fontSize": 23.57142857142857,
        }
      }
    >
      Signup
    </Text>
  </View>
</View>
`;
